
> app@0.1.0 build
> next build

   Γû▓ Next.js 16.0.3 (Turbopack)
   - Environments: .env

   Creating an optimized production build ...
node.exe : 
At line:1 char:1
+ & "C:\Users\Atharv 
Patil\AppData\Local\nvm\v22.20.0/node.exe" 
"C:\Use ...
+ ~~~~~~~~~~~~~~~~~~~~~~~~~~~~~~~~~~~~~~~~~~~~~~~
~~~~~~~~~~~~~~~~~~~~~~
    + CategoryInfo          : NotSpecified: (:St 
   ring) [], RemoteException
    + FullyQualifiedErrorId : NativeCommandError
 
> Build error occurred
Error: Turbopack build failed with 9 errors:
./src/app/(dashboard)/students/[id]/page.tsx:193:
31
Parsing ecmascript source code failed
[0m [90m 191 |[39m                            
 [33m<[39m[33mp[39m className[33m=[39m[32m
"font-medium"[39m[33m>[39mΓé╣{record[33m.[39
mamount[33m.[39mtoLocaleString()}[33m<[39m[3
3m/[39m[33mp[39m[33m>[39m
 [90m 192 |[39m                             
[33m<[39m[33mp[39m 
className[33m=[39m[32m"text-xs text-muted-fore
ground"[39m[33m>[39m{format([36mnew[39m 
[33mDate[39m(record[33m.[39mdate)[33m,[39m 
[32m'PPP'[39m)}[33m<[39m[33m/[39m[33mp[39
m[33m>[39m
[31m[1m>[22m[39m[90m 193 |[39m             
            
[33m<[39m[33m/[39m[33mdiv[39m[33m>[39m
 [90m     |[39m                               
[31m[1m^[22m[39m
[31m[1m>[22m[39m[90m 194 |[39m             
    
[33m<[39m[33m/[39m[33mdiv[39m[33m>[39m
 [90m     |[39m [31m[1m^[22m[39m[31m[1m^
[22m[39m[31m[1m^[22m[39m[31m[1m^[22m[39m
[31m[1m^[22m[39m[31m[1m^[22m[39m[31m[1m
^[22m[39m[31m[1m^[22m[39m[31m[1m^[22m[3
9m[31m[1m^[22m[39m[31m[1m^[22m[39m[31m[
1m^[22m[39m[31m[1m^[22m[39m[31m[1m^[22m
[39m[31m[1m^[22m[39m[31m[1m^[22m[39m[31m
[1m^[22m[39m
 [90m 195 |[39m                 
[33m<[39m[33mdiv[39m className[33m=[39m[32
m"text-right"[39m[33m>[39m
 [90m 196 |[39m                     
[33m<[39m[33mBadge[39m 
variant[33m=[39m{record[33m.[39mstatus 
[33m===[39m [32m'PAID'[39m [33m?[39m 
[32m'default'[39m [33m:[39m 
[32m'secondary'[39m} 
className[33m=[39m{record[33m.[39mstatus 
[33m===[39m [32m'PAID'[39m [33m?[39m 
[32m'bg-emerald-500'[39m [33m:[39m 
[32m''[39m}[33m>[39m
 [90m 197 |[39m                         
{record[33m.[39mstatus}[0m

Expected '</', got 'jsx text (
                )'


./src/app/(dashboard)/students/page.tsx:108:39
Parsing ecmascript source code failed
[0m [90m 106 |[39m                            
         [33m<[39m[33mdiv[39m[33m>[39m{stud
ent[33m.[39mname}[33m<[39m[33m/[39m[33mdiv
[39m[33m>[39m
 [90m 107 |[39m                                
     [33m<[39m[33mdiv[39m 
className[33m=[39m[32m"text-xs text-muted-fore
ground"[39m[33m>[39m{student[33m.[39memail}
[33m<[39m[33m/[39m[33mdiv[39m[33m>[39m
[31m[1m>[22m[39m[90m 108 |[39m             
                    
[33m<[39m[33m/[39m[33mdiv[39m[33m>[39m
 [90m     |[39m                                
       [31m[1m^[22m[39m
[31m[1m>[22m[39m[90m 109 |[39m             
                
[33m<[39m[33m/[39m[33mdiv[39m[33m>[39m
 [90m     |[39m [31m[1m^[22m[39m[31m[1m^
[22m[39m[31m[1m^[22m[39m[31m[1m^[22m[39m
[31m[1m^[22m[39m[31m[1m^[22m[39m[31m[1m
^[22m[39m[31m[1m^[22m[39m[31m[1m^[22m[3
9m[31m[1m^[22m[39m[31m[1m^[22m[39m[31m[
1m^[22m[39m[31m[1m^[22m[39m[31m[1m^[22m
[39m[31m[1m^[22m[39m[31m[1m^[22m[39m[31m
[1m^[22m[39m[31m[1m^[22m[39m[31m[1m^[22
m[39m[31m[1m^[22m[39m[31m[1m^[22m[39m[3
1m[1m^[22m[39m[31m[1m^[22m[39m[31m[1m^[
22m[39m[31m[1m^[22m[39m[31m[1m^[22m[39m
[31m[1m^[22m[39m[31m[1m^[22m[39m[31m[1m^
[22m[39m
 [90m 110 |[39m                                
     [33m<[39m[33m/[39m[33mTableCell[39m[3
3m>[39m
 [90m 111 |[39m                     [33m<[39m
[33mTableCell[39m[33m>[39m{student[33m.[39m
level [33m||[39m [32m'N/A'[39m}[33m<[39m[3
3m/[39m[33mTableCell[39m[33m>[39m
 [90m 112 |[39m                     [33m<[39m
[33mTableCell[39m[33m>[39m{student[33m.[39m
batch[33m?[39m[33m.[39mname [33m||[39m [32
m'Unassigned'[39m}[33m<[39m[33m/[39m[33mTab
leCell[39m[33m>[39m[0m

Expected '</', got 'jsx text (
                            )'


./src/app/(dashboard)/batches/[id]/edit/page.tsx:
13:1
Module not found: Can't resolve 
'@/components/ui/alert-dialog'
[0m [90m 11 |[39m [36mimport[39m { useToast 
} [36mfrom[39m 
[32m'@/components/ui/use-toast'[39m
 [90m 12 |[39m [36mimport[39m [33mLink[39m 
[36mfrom[39m [32m'next/link'[39m
[31m[1m>[22m[39m[90m 13 |[39m 
[36mimport[39m {
 [90m    |[39m [31m[1m^[22m[39m[31m[1m^[
22m[39m[31m[1m^[22m[39m[31m[1m^[22m[39m
[31m[1m^[22m[39m[31m[1m^[22m[39m[31m[1m^
[22m[39m[31m[1m^[22m[39m
[31m[1m>[22m[39m[90m 14 |[39m     
[33mAlertDialog[39m[33m,[39m
 [90m    |[39m [31m[1m^[22m[39m[31m[1m^[
22m[39m[31m[1m^[22m[39m[31m[1m^[22m[39m
[31m[1m^[22m[39m[31m[1m^[22m[39m[31m[1m^
[22m[39m[31m[1m^[22m[39m[31m[1m^[22m[39
m[31m[1m^[22m[39m[31m[1m^[22m[39m[31m[1
m^[22m[39m[31m[1m^[22m[39m[31m[1m^[22m[
39m[31m[1m^[22m[39m[31m[1m^[22m[39m
[31m[1m>[22m[39m[90m 15 |[39m     
[33mAlertDialogAction[39m[33m,[39m
 [90m    |[39m [31m[1m^[22m[39m[31m[1m^[
22m[39m[31m[1m^[22m[39m[31m[1m^[22m[39m
[31m[1m^[22m[39m[31m[1m^[22m[39m[31m[1m^
[22m[39m[31m[1m^[22m[39m[31m[1m^[22m[39
m[31m[1m^[22m[39m[31m[1m^[22m[39m[31m[1
m^[22m[39m[31m[1m^[22m[39m[31m[1m^[22m[
39m[31m[1m^[22m[39m[31m[1m^[22m[39m
[31m[1m>[22m[39m[90m 16 |[39m     
[33mAlertDialogCancel[39m[33m,[39m
 [90m    |[39m [31m[1m^[22m[39m[31m[1m^[
22m[39m[31m[1m^[22m[39m[31m[1m^[22m[39m
[31m[1m^[22m[39m[31m[1m^[22m[39m[31m[1m^
[22m[39m[31m[1m^[22m[39m[31m[1m^[22m[39
m[31m[1m^[22m[39m[31m[1m^[22m[39m[31m[1
m^[22m[39m[31m[1m^[22m[39m[31m[1m^[22m[
39m[31m[1m^[22m[39m[31m[1m^[22m[39m
[31m[1m>[22m[39m[90m 17 |[39m     
[33mAlertDialogContent[39m[33m,[39m
 [90m    |[39m [31m[1m^[22m[39m[31m[1m^[
22m[39m[31m[1m^[22m[39m[31m[1m^[22m[39m
[31m[1m^[22m[39m[31m[1m^[22m[39m[31m[1m^
[22m[39m[31m[1m^[22m[39m[31m[1m^[22m[39
m[31m[1m^[22m[39m[31m[1m^[22m[39m[31m[1
m^[22m[39m[31m[1m^[22m[39m[31m[1m^[22m[
39m[31m[1m^[22m[39m[31m[1m^[22m[39m
[31m[1m>[22m[39m[90m 18 |[39m     
[33mAlertDialogDescription[39m[33m,[39m
 [90m    |[39m [31m[1m^[22m[39m[31m[1m^[
22m[39m[31m[1m^[22m[39m[31m[1m^[22m[39m
[31m[1m^[22m[39m[31m[1m^[22m[39m[31m[1m^
[22m[39m[31m[1m^[22m[39m[31m[1m^[22m[39
m[31m[1m^[22m[39m[31m[1m^[22m[39m[31m[1
m^[22m[39m[31m[1m^[22m[39m[31m[1m^[22m[
39m[31m[1m^[22m[39m[31m[1m^[22m[39m
[31m[1m>[22m[39m[90m 19 |[39m     
[33mAlertDialogFooter[39m[33m,[39m
 [90m    |[39m [31m[1m^[22m[39m[31m[1m^[
22m[39m[31m[1m^[22m[39m[31m[1m^[22m[39m
[31m[1m^[22m[39m[31m[1m^[22m[39m[31m[1m^
[22m[39m[31m[1m^[22m[39m[31m[1m^[22m[39
m[31m[1m^[22m[39m[31m[1m^[22m[39m[31m[1
m^[22m[39m[31m[1m^[22m[39m[31m[1m^[22m[
39m[31m[1m^[22m[39m[31m[1m^[22m[39m
[31m[1m>[22m[39m[90m 20 |[39m     
[33mAlertDialogHeader[39m[33m,[39m
 [90m    |[39m [31m[1m^[22m[39m[31m[1m^[
22m[39m[31m[1m^[22m[39m[31m[1m^[22m[39m
[31m[1m^[22m[39m[31m[1m^[22m[39m[31m[1m^
[22m[39m[31m[1m^[22m[39m[31m[1m^[22m[39
m[31m[1m^[22m[39m[31m[1m^[22m[39m[31m[1
m^[22m[39m[31m[1m^[22m[39m[31m[1m^[22m[
39m[31m[1m^[22m[39m[31m[1m^[22m[39m
[31m[1m>[22m[39m[90m 21 |[39m     
[33mAlertDialogTitle[39m[33m,[39m
 [90m    |[39m [31m[1m^[22m[39m[31m[1m^[
22m[39m[31m[1m^[22m[39m[31m[1m^[22m[39m
[31m[1m^[22m[39m[31m[1m^[22m[39m[31m[1m^
[22m[39m[31m[1m^[22m[39m[31m[1m^[22m[39
m[31m[1m^[22m[39m[31m[1m^[22m[39m[31m[1
m^[22m[39m[31m[1m^[22m[39m[31m[1m^[22m[
39m[31m[1m^[22m[39m[31m[1m^[22m[39m
[31m[1m>[22m[39m[90m 22 |[39m     
[33mAlertDialogTrigger[39m[33m,[39m
 [90m    |[39m [31m[1m^[22m[39m[31m[1m^[
22m[39m[31m[1m^[22m[39m[31m[1m^[22m[39m
[31m[1m^[22m[39m[31m[1m^[22m[39m[31m[1m^
[22m[39m[31m[1m^[22m[39m[31m[1m^[22m[39
m[31m[1m^[22m[39m[31m[1m^[22m[39m[31m[1
m^[22m[39m[31m[1m^[22m[39m[31m[1m^[22m[
39m[31m[1m^[22m[39m[31m[1m^[22m[39m
[31m[1m>[22m[39m[90m 23 |[39m } 
[36mfrom[39m 
[32m'@/components/ui/alert-dialog'[39m
 [90m    |[39m [31m[1m^[22m[39m[31m[1m^[
22m[39m[31m[1m^[22m[39m[31m[1m^[22m[39m
[31m[1m^[22m[39m[31m[1m^[22m[39m[31m[1m^
[22m[39m[31m[1m^[22m[39m[31m[1m^[22m[39
m[31m[1m^[22m[39m[31m[1m^[22m[39m[31m[1
m^[22m[39m[31m[1m^[22m[39m[31m[1m^[22m[
39m[31m[1m^[22m[39m[31m[1m^[22m[39m[31m
[1m^[22m[39m[31m[1m^[22m[39m[31m[1m^[22m
[39m[31m[1m^[22m[39m[31m[1m^[22m[39m[31
m[1m^[22m[39m[31m[1m^[22m[39m[31m[1m^[2
2m[39m[31m[1m^[22m[39m[31m[1m^[22m[39m[
31m[1m^[22m[39m[31m[1m^[22m[39m[31m[1m^
[22m[39m[31m[1m^[22m[39m[31m[1m^[22m[39m
[31m[1m^[22m[39m[31m[1m^[22m[39m[31m[1m
^[22m[39m[31m[1m^[22m[39m[31m[1m^[22m[3
9m[31m[1m^[22m[39m[31m[1m^[22m[39m
 [90m 24 |[39m
 [90m 25 |[39m [36mexport[39m 
[36mdefault[39m [36mfunction[39m 
[33mEditBatchPage[39m({ params }[33m:[39m { 
params[33m:[39m [33mPromise[39m[33m<[39m{ 
id[33m:[39m string }[33m>[39m }) {
 [90m 26 |[39m     [36mconst[39m 
[id[33m,[39m setId] [33m=[39m useState[33m<
[39m[33mstring[39m[33m>[39m([32m''[39m)[0m

Import map: aliased to relative 
'./src/components/ui/alert-dialog' inside of 
[project]/


Import traces:
  Client Component Browser:
    
./src/app/(dashboard)/batches/[id]/edit/page.tsx 
[Client Component Browser]
    
./src/app/(dashboard)/batches/[id]/edit/page.tsx 
[Server Component]

  Client Component SSR:
    
./src/app/(dashboard)/batches/[id]/edit/page.tsx 
[Client Component SSR]
    
./src/app/(dashboard)/batches/[id]/edit/page.tsx 
[Server Component]

https://nextjs.org/docs/messages/module-not-found


./src/app/(dashboard)/students/[id]/edit/page.tsx
:13:1
Module not found: Can't resolve 
'@/components/ui/alert-dialog'
[0m [90m 11 |[39m [36mimport[39m { useToast 
} [36mfrom[39m 
[32m'@/components/ui/use-toast'[39m
 [90m 12 |[39m [36mimport[39m [33mLink[39m 
[36mfrom[39m [32m'next/link'[39m
[31m[1m>[22m[39m[90m 13 |[39m 
[36mimport[39m {
 [90m    |[39m [31m[1m^[22m[39m[31m[1m^[
22m[39m[31m[1m^[22m[39m[31m[1m^[22m[39m
[31m[1m^[22m[39m[31m[1m^[22m[39m[31m[1m^
[22m[39m[31m[1m^[22m[39m
[31m[1m>[22m[39m[90m 14 |[39m     
[33mAlertDialog[39m[33m,[39m
 [90m    |[39m [31m[1m^[22m[39m[31m[1m^[
22m[39m[31m[1m^[22m[39m[31m[1m^[22m[39m
[31m[1m^[22m[39m[31m[1m^[22m[39m[31m[1m^
[22m[39m[31m[1m^[22m[39m[31m[1m^[22m[39
m[31m[1m^[22m[39m[31m[1m^[22m[39m[31m[1
m^[22m[39m[31m[1m^[22m[39m[31m[1m^[22m[
39m[31m[1m^[22m[39m[31m[1m^[22m[39m
[31m[1m>[22m[39m[90m 15 |[39m     
[33mAlertDialogAction[39m[33m,[39m
 [90m    |[39m [31m[1m^[22m[39m[31m[1m^[
22m[39m[31m[1m^[22m[39m[31m[1m^[22m[39m
[31m[1m^[22m[39m[31m[1m^[22m[39m[31m[1m^
[22m[39m[31m[1m^[22m[39m[31m[1m^[22m[39
m[31m[1m^[22m[39m[31m[1m^[22m[39m[31m[1
m^[22m[39m[31m[1m^[22m[39m[31m[1m^[22m[
39m[31m[1m^[22m[39m[31m[1m^[22m[39m
[31m[1m>[22m[39m[90m 16 |[39m     
[33mAlertDialogCancel[39m[33m,[39m
 [90m    |[39m [31m[1m^[22m[39m[31m[1m^[
22m[39m[31m[1m^[22m[39m[31m[1m^[22m[39m
[31m[1m^[22m[39m[31m[1m^[22m[39m[31m[1m^
[22m[39m[31m[1m^[22m[39m[31m[1m^[22m[39
m[31m[1m^[22m[39m[31m[1m^[22m[39m[31m[1
m^[22m[39m[31m[1m^[22m[39m[31m[1m^[22m[
39m[31m[1m^[22m[39m[31m[1m^[22m[39m
[31m[1m>[22m[39m[90m 17 |[39m     
[33mAlertDialogContent[39m[33m,[39m
 [90m    |[39m [31m[1m^[22m[39m[31m[1m^[
22m[39m[31m[1m^[22m[39m[31m[1m^[22m[39m
[31m[1m^[22m[39m[31m[1m^[22m[39m[31m[1m^
[22m[39m[31m[1m^[22m[39m[31m[1m^[22m[39
m[31m[1m^[22m[39m[31m[1m^[22m[39m[31m[1
m^[22m[39m[31m[1m^[22m[39m[31m[1m^[22m[
39m[31m[1m^[22m[39m[31m[1m^[22m[39m
[31m[1m>[22m[39m[90m 18 |[39m     
[33mAlertDialogDescription[39m[33m,[39m
 [90m    |[39m [31m[1m^[22m[39m[31m[1m^[
22m[39m[31m[1m^[22m[39m[31m[1m^[22m[39m
[31m[1m^[22m[39m[31m[1m^[22m[39m[31m[1m^
[22m[39m[31m[1m^[22m[39m[31m[1m^[22m[39
m[31m[1m^[22m[39m[31m[1m^[22m[39m[31m[1
m^[22m[39m[31m[1m^[22m[39m[31m[1m^[22m[
39m[31m[1m^[22m[39m[31m[1m^[22m[39m
[31m[1m>[22m[39m[90m 19 |[39m     
[33mAlertDialogFooter[39m[33m,[39m
 [90m    |[39m [31m[1m^[22m[39m[31m[1m^[
22m[39m[31m[1m^[22m[39m[31m[1m^[22m[39m
[31m[1m^[22m[39m[31m[1m^[22m[39m[31m[1m^
[22m[39m[31m[1m^[22m[39m[31m[1m^[22m[39
m[31m[1m^[22m[39m[31m[1m^[22m[39m[31m[1
m^[22m[39m[31m[1m^[22m[39m[31m[1m^[22m[
39m[31m[1m^[22m[39m[31m[1m^[22m[39m
[31m[1m>[22m[39m[90m 20 |[39m     
[33mAlertDialogHeader[39m[33m,[39m
 [90m    |[39m [31m[1m^[22m[39m[31m[1m^[
22m[39m[31m[1m^[22m[39m[31m[1m^[22m[39m
[31m[1m^[22m[39m[31m[1m^[22m[39m[31m[1m^
[22m[39m[31m[1m^[22m[39m[31m[1m^[22m[39
m[31m[1m^[22m[39m[31m[1m^[22m[39m[31m[1
m^[22m[39m[31m[1m^[22m[39m[31m[1m^[22m[
39m[31m[1m^[22m[39m[31m[1m^[22m[39m
[31m[1m>[22m[39m[90m 21 |[39m     
[33mAlertDialogTitle[39m[33m,[39m
 [90m    |[39m [31m[1m^[22m[39m[31m[1m^[
22m[39m[31m[1m^[22m[39m[31m[1m^[22m[39m
[31m[1m^[22m[39m[31m[1m^[22m[39m[31m[1m^
[22m[39m[31m[1m^[22m[39m[31m[1m^[22m[39
m[31m[1m^[22m[39m[31m[1m^[22m[39m[31m[1
m^[22m[39m[31m[1m^[22m[39m[31m[1m^[22m[
39m[31m[1m^[22m[39m[31m[1m^[22m[39m
[31m[1m>[22m[39m[90m 22 |[39m     
[33mAlertDialogTrigger[39m[33m,[39m
 [90m    |[39m [31m[1m^[22m[39m[31m[1m^[
22m[39m[31m[1m^[22m[39m[31m[1m^[22m[39m
[31m[1m^[22m[39m[31m[1m^[22m[39m[31m[1m^
[22m[39m[31m[1m^[22m[39m[31m[1m^[22m[39
m[31m[1m^[22m[39m[31m[1m^[22m[39m[31m[1
m^[22m[39m[31m[1m^[22m[39m[31m[1m^[22m[
39m[31m[1m^[22m[39m[31m[1m^[22m[39m
[31m[1m>[22m[39m[90m 23 |[39m } 
[36mfrom[39m 
[32m'@/components/ui/alert-dialog'[39m
 [90m    |[39m [31m[1m^[22m[39m[31m[1m^[
22m[39m[31m[1m^[22m[39m[31m[1m^[22m[39m
[31m[1m^[22m[39m[31m[1m^[22m[39m[31m[1m^
[22m[39m[31m[1m^[22m[39m[31m[1m^[22m[39
m[31m[1m^[22m[39m[31m[1m^[22m[39m[31m[1
m^[22m[39m[31m[1m^[22m[39m[31m[1m^[22m[
39m[31m[1m^[22m[39m[31m[1m^[22m[39m[31m
[1m^[22m[39m[31m[1m^[22m[39m[31m[1m^[22m
[39m[31m[1m^[22m[39m[31m[1m^[22m[39m[31
m[1m^[22m[39m[31m[1m^[22m[39m[31m[1m^[2
2m[39m[31m[1m^[22m[39m[31m[1m^[22m[39m[
31m[1m^[22m[39m[31m[1m^[22m[39m[31m[1m^
[22m[39m[31m[1m^[22m[39m[31m[1m^[22m[39m
[31m[1m^[22m[39m[31m[1m^[22m[39m[31m[1m
^[22m[39m[31m[1m^[22m[39m[31m[1m^[22m[3
9m[31m[1m^[22m[39m[31m[1m^[22m[39m
 [90m 24 |[39m
 [90m 25 |[39m [36mexport[39m 
[36mdefault[39m [36mfunction[39m 
[33mEditStudentPage[39m({ params }[33m:[39m 
{ params[33m:[39m 
[33mPromise[39m[33m<[39m{ id[33m:[39m 
string }[33m>[39m }) {
 [90m 26 |[39m     [36mconst[39m 
[id[33m,[39m setId] [33m=[39m useState[33m<
[39m[33mstring[39m[33m>[39m([32m''[39m)[0m

Import map: aliased to relative 
'./src/components/ui/alert-dialog' inside of 
[project]/


Import traces:
  Client Component Browser:
    ./src/app/(dashboard)/students/[id]/edit/page
.tsx [Client Component Browser]
    ./src/app/(dashboard)/students/[id]/edit/page
.tsx [Server Component]

  Client Component SSR:
    ./src/app/(dashboard)/students/[id]/edit/page
.tsx [Client Component SSR]
    ./src/app/(dashboard)/students/[id]/edit/page
.tsx [Server Component]

https://nextjs.org/docs/messages/module-not-found


./src/app/(dashboard)/attendance/mark/[batchId]/p
age.tsx:10:1
Module not found: Can't resolve 
'@/components/ui/use-toast'
[0m [90m  8 |[39m [36mimport[39m { 
[33mBadge[39m } [36mfrom[39m 
[32m'@/components/ui/badge'[39m
 [90m  9 |[39m [36mimport[39m { 
[33mLoader2[39m[33m,[39m 
[33mArrowLeft[39m[33m,[39m 
[33mCheck[39m[33m,[39m 
[33mX[39m[33m,[39m [33mClock[39m } 
[36mfrom[39m [32m'lucide-react'[39m
[31m[1m>[22m[39m[90m 10 |[39m 
[36mimport[39m { useToast } [36mfrom[39m 
[32m'@/components/ui/use-toast'[39m
 [90m    |[39m [31m[1m^[22m[39m[31m[1m^[
22m[39m[31m[1m^[22m[39m[31m[1m^[22m[39m
[31m[1m^[22m[39m[31m[1m^[22m[39m[31m[1m^
[22m[39m[31m[1m^[22m[39m[31m[1m^[22m[39
m[31m[1m^[22m[39m[31m[1m^[22m[39m[31m[1
m^[22m[39m[31m[1m^[22m[39m[31m[1m^[22m[
39m[31m[1m^[22m[39m[31m[1m^[22m[39m[31m
[1m^[22m[39m[31m[1m^[22m[39m[31m[1m^[22m
[39m[31m[1m^[22m[39m[31m[1m^[22m[39m[31
m[1m^[22m[39m[31m[1m^[22m[39m[31m[1m^[2
2m[39m[31m[1m^[22m[39m[31m[1m^[22m[39m[
31m[1m^[22m[39m[31m[1m^[22m[39m[31m[1m^
[22m[39m[31m[1m^[22m[39m[31m[1m^[22m[39m
[31m[1m^[22m[39m[31m[1m^[22m[39m[31m[1m
^[22m[39m[31m[1m^[22m[39m[31m[1m^[22m[3
9m[31m[1m^[22m[39m[31m[1m^[22m[39m[31m[
1m^[22m[39m[31m[1m^[22m[39m[31m[1m^[22m
[39m[31m[1m^[22m[39m[31m[1m^[22m[39m[31m
[1m^[22m[39m[31m[1m^[22m[39m[31m[1m^[22
m[39m[31m[1m^[22m[39m[31m[1m^[22m[39m[3
1m[1m^[22m[39m[31m[1m^[22m[39m[31m[1m^[
22m[39m[31m[1m^[22m[39m
 [90m 11 |[39m [36mimport[39m [33mLink[39m 
[36mfrom[39m [32m'next/link'[39m
 [90m 12 |[39m [36mimport[39m { format } 
[36mfrom[39m [32m'date-fns'[39m
 [90m 13 |[39m[0m

Import map: aliased to relative 
'./src/components/ui/use-toast' inside of 
[project]/


Import traces:
  Client Component Browser:
    ./src/app/(dashboard)/attendance/mark/[batchI
d]/page.tsx [Client Component Browser]
    ./src/app/(dashboard)/attendance/mark/[batchI
d]/page.tsx [Server Component]

  Client Component SSR:
    ./src/app/(dashboard)/attendance/mark/[batchI
d]/page.tsx [Client Component SSR]
    ./src/app/(dashboard)/attendance/mark/[batchI
d]/page.tsx [Server Component]

https://nextjs.org/docs/messages/module-not-found


./src/app/(dashboard)/batches/[id]/edit/page.tsx:
11:1
Module not found: Can't resolve 
'@/components/ui/use-toast'
[0m [90m  9 |[39m [36mimport[39m { 
[33mSelect[39m[33m,[39m 
[33mSelectContent[39m[33m,[39m 
[33mSelectItem[39m[33m,[39m 
[33mSelectTrigger[39m[33m,[39m 
[33mSelectValue[39m } [36mfrom[39m 
[32m'@/components/ui/select'[39m
 [90m 10 |[39m [36mimport[39m { 
[33mLoader2[39m[33m,[39m 
[33mArrowLeft[39m[33m,[39m [33mTrash2[39m 
} [36mfrom[39m [32m'lucide-react'[39m
[31m[1m>[22m[39m[90m 11 |[39m 
[36mimport[39m { useToast } [36mfrom[39m 
[32m'@/components/ui/use-toast'[39m
 [90m    |[39m [31m[1m^[22m[39m[31m[1m^[
22m[39m[31m[1m^[22m[39m[31m[1m^[22m[39m
[31m[1m^[22m[39m[31m[1m^[22m[39m[31m[1m^
[22m[39m[31m[1m^[22m[39m[31m[1m^[22m[39
m[31m[1m^[22m[39m[31m[1m^[22m[39m[31m[1
m^[22m[39m[31m[1m^[22m[39m[31m[1m^[22m[
39m[31m[1m^[22m[39m[31m[1m^[22m[39m[31m
[1m^[22m[39m[31m[1m^[22m[39m[31m[1m^[22m
[39m[31m[1m^[22m[39m[31m[1m^[22m[39m[31
m[1m^[22m[39m[31m[1m^[22m[39m[31m[1m^[2
2m[39m[31m[1m^[22m[39m[31m[1m^[22m[39m[
31m[1m^[22m[39m[31m[1m^[22m[39m[31m[1m^
[22m[39m[31m[1m^[22m[39m[31m[1m^[22m[39m
[31m[1m^[22m[39m[31m[1m^[22m[39m[31m[1m
^[22m[39m[31m[1m^[22m[39m[31m[1m^[22m[3
9m[31m[1m^[22m[39m[31m[1m^[22m[39m[31m[
1m^[22m[39m[31m[1m^[22m[39m[31m[1m^[22m
[39m[31m[1m^[22m[39m[31m[1m^[22m[39m[31m
[1m^[22m[39m[31m[1m^[22m[39m[31m[1m^[22
m[39m[31m[1m^[22m[39m[31m[1m^[22m[39m[3
1m[1m^[22m[39m[31m[1m^[22m[39m[31m[1m^[
22m[39m[31m[1m^[22m[39m
 [90m 12 |[39m [36mimport[39m [33mLink[39m 
[36mfrom[39m [32m'next/link'[39m
 [90m 13 |[39m [36mimport[39m {
 [90m 14 |[39m     
[33mAlertDialog[39m[33m,[39m[0m

Import map: aliased to relative 
'./src/components/ui/use-toast' inside of 
[project]/


Import traces:
  Client Component Browser:
    
./src/app/(dashboard)/batches/[id]/edit/page.tsx 
[Client Component Browser]
    
./src/app/(dashboard)/batches/[id]/edit/page.tsx 
[Server Component]

  Client Component SSR:
    
./src/app/(dashboard)/batches/[id]/edit/page.tsx 
[Client Component SSR]
    
./src/app/(dashboard)/batches/[id]/edit/page.tsx 
[Server Component]

https://nextjs.org/docs/messages/module-not-found


./src/app/(dashboard)/batches/[id]/students/add/p
age.tsx:11:1
Module not found: Can't resolve 
'@/components/ui/use-toast'
[0m [90m  9 |[39m [36mimport[39m { 
[33mAvatar[39m[33m,[39m 
[33mAvatarFallback[39m } [36mfrom[39m 
[32m'@/components/ui/avatar'[39m
 [90m 10 |[39m [36mimport[39m { 
[33mSearch[39m[33m,[39m 
[33mLoader2[39m[33m,[39m [33mArrowLeft[39m 
} [36mfrom[39m [32m'lucide-react'[39m
[31m[1m>[22m[39m[90m 11 |[39m 
[36mimport[39m { useToast } [36mfrom[39m 
[32m'@/components/ui/use-toast'[39m
 [90m    |[39m [31m[1m^[22m[39m[31m[1m^[
22m[39m[31m[1m^[22m[39m[31m[1m^[22m[39m
[31m[1m^[22m[39m[31m[1m^[22m[39m[31m[1m^
[22m[39m[31m[1m^[22m[39m[31m[1m^[22m[39
m[31m[1m^[22m[39m[31m[1m^[22m[39m[31m[1
m^[22m[39m[31m[1m^[22m[39m[31m[1m^[22m[
39m[31m[1m^[22m[39m[31m[1m^[22m[39m[31m
[1m^[22m[39m[31m[1m^[22m[39m[31m[1m^[22m
[39m[31m[1m^[22m[39m[31m[1m^[22m[39m[31
m[1m^[22m[39m[31m[1m^[22m[39m[31m[1m^[2
2m[39m[31m[1m^[22m[39m[31m[1m^[22m[39m[
31m[1m^[22m[39m[31m[1m^[22m[39m[31m[1m^
[22m[39m[31m[1m^[22m[39m[31m[1m^[22m[39m
[31m[1m^[22m[39m[31m[1m^[22m[39m[31m[1m
^[22m[39m[31m[1m^[22m[39m[31m[1m^[22m[3
9m[31m[1m^[22m[39m[31m[1m^[22m[39m[31m[
1m^[22m[39m[31m[1m^[22m[39m[31m[1m^[22m
[39m[31m[1m^[22m[39m[31m[1m^[22m[39m[31m
[1m^[22m[39m[31m[1m^[22m[39m[31m[1m^[22
m[39m[31m[1m^[22m[39m[31m[1m^[22m[39m[3
1m[1m^[22m[39m[31m[1m^[22m[39m[31m[1m^[
22m[39m[31m[1m^[22m[39m
 [90m 12 |[39m [36mimport[39m [33mLink[39m 
[36mfrom[39m [32m'next/link'[39m
 [90m 13 |[39m
 [90m 14 |[39m [36minterface[39m 
[33mStudent[39m {[0m

Import map: aliased to relative 
'./src/components/ui/use-toast' inside of 
[project]/


Import traces:
  Client Component Browser:
    ./src/app/(dashboard)/batches/[id]/students/a
dd/page.tsx [Client Component Browser]
    ./src/app/(dashboard)/batches/[id]/students/a
dd/page.tsx [Server Component]

  Client Component SSR:
    ./src/app/(dashboard)/batches/[id]/students/a
dd/page.tsx [Client Component SSR]
    ./src/app/(dashboard)/batches/[id]/students/a
dd/page.tsx [Server Component]

https://nextjs.org/docs/messages/module-not-found


./src/app/(dashboard)/fees/new/page.tsx:11:1
Module not found: Can't resolve 
'@/components/ui/use-toast'
[0m [90m  9 |[39m [36mimport[39m { 
[33mSelect[39m[33m,[39m 
[33mSelectContent[39m[33m,[39m 
[33mSelectItem[39m[33m,[39m 
[33mSelectTrigger[39m[33m,[39m 
[33mSelectValue[39m } [36mfrom[39m 
[32m'@/components/ui/select'[39m
 [90m 10 |[39m [36mimport[39m { 
[33mLoader2[39m[33m,[39m [33mArrowLeft[39m 
} [36mfrom[39m [32m'lucide-react'[39m
[31m[1m>[22m[39m[90m 11 |[39m 
[36mimport[39m { useToast } [36mfrom[39m 
[32m'@/components/ui/use-toast'[39m
 [90m    |[39m [31m[1m^[22m[39m[31m[1m^[
22m[39m[31m[1m^[22m[39m[31m[1m^[22m[39m
[31m[1m^[22m[39m[31m[1m^[22m[39m[31m[1m^
[22m[39m[31m[1m^[22m[39m[31m[1m^[22m[39
m[31m[1m^[22m[39m[31m[1m^[22m[39m[31m[1
m^[22m[39m[31m[1m^[22m[39m[31m[1m^[22m[
39m[31m[1m^[22m[39m[31m[1m^[22m[39m[31m
[1m^[22m[39m[31m[1m^[22m[39m[31m[1m^[22m
[39m[31m[1m^[22m[39m[31m[1m^[22m[39m[31
m[1m^[22m[39m[31m[1m^[22m[39m[31m[1m^[2
2m[39m[31m[1m^[22m[39m[31m[1m^[22m[39m[
31m[1m^[22m[39m[31m[1m^[22m[39m[31m[1m^
[22m[39m[31m[1m^[22m[39m[31m[1m^[22m[39m
[31m[1m^[22m[39m[31m[1m^[22m[39m[31m[1m
^[22m[39m[31m[1m^[22m[39m[31m[1m^[22m[3
9m[31m[1m^[22m[39m[31m[1m^[22m[39m[31m[
1m^[22m[39m[31m[1m^[22m[39m[31m[1m^[22m
[39m[31m[1m^[22m[39m[31m[1m^[22m[39m[31m
[1m^[22m[39m[31m[1m^[22m[39m[31m[1m^[22
m[39m[31m[1m^[22m[39m[31m[1m^[22m[39m[3
1m[1m^[22m[39m[31m[1m^[22m[39m[31m[1m^[
22m[39m[31m[1m^[22m[39m
 [90m 12 |[39m [36mimport[39m [33mLink[39m 
[36mfrom[39m [32m'next/link'[39m
 [90m 13 |[39m
 [90m 14 |[39m [36minterface[39m 
[33mStudent[39m {[0m

Import map: aliased to relative 
'./src/components/ui/use-toast' inside of 
[project]/


Import traces:
  Client Component Browser:
    ./src/app/(dashboard)/fees/new/page.tsx 
[Client Component Browser]
    ./src/app/(dashboard)/fees/new/page.tsx 
[Server Component]

  Client Component SSR:
    ./src/app/(dashboard)/fees/new/page.tsx 
[Client Component SSR]
    ./src/app/(dashboard)/fees/new/page.tsx 
[Server Component]

https://nextjs.org/docs/messages/module-not-found


./src/app/(dashboard)/students/[id]/edit/page.tsx
:11:1
Module not found: Can't resolve 
'@/components/ui/use-toast'
[0m [90m  9 |[39m [36mimport[39m { 
[33mSelect[39m[33m,[39m 
[33mSelectContent[39m[33m,[39m 
[33mSelectItem[39m[33m,[39m 
[33mSelectTrigger[39m[33m,[39m 
[33mSelectValue[39m } [36mfrom[39m 
[32m'@/components/ui/select'[39m
 [90m 10 |[39m [36mimport[39m { 
[33mLoader2[39m[33m,[39m 
[33mArrowLeft[39m[33m,[39m [33mTrash2[39m 
} [36mfrom[39m [32m'lucide-react'[39m
[31m[1m>[22m[39m[90m 11 |[39m 
[36mimport[39m { useToast } [36mfrom[39m 
[32m'@/components/ui/use-toast'[39m
 [90m    |[39m [31m[1m^[22m[39m[31m[1m^[
22m[39m[31m[1m^[22m[39m[31m[1m^[22m[39m
[31m[1m^[22m[39m[31m[1m^[22m[39m[31m[1m^
[22m[39m[31m[1m^[22m[39m[31m[1m^[22m[39
m[31m[1m^[22m[39m[31m[1m^[22m[39m[31m[1
m^[22m[39m[31m[1m^[22m[39m[31m[1m^[22m[
39m[31m[1m^[22m[39m[31m[1m^[22m[39m[31m
[1m^[22m[39m[31m[1m^[22m[39m[31m[1m^[22m
[39m[31m[1m^[22m[39m[31m[1m^[22m[39m[31
m[1m^[22m[39m[31m[1m^[22m[39m[31m[1m^[2
2m[39m[31m[1m^[22m[39m[31m[1m^[22m[39m[
31m[1m^[22m[39m[31m[1m^[22m[39m[31m[1m^
[22m[39m[31m[1m^[22m[39m[31m[1m^[22m[39m
[31m[1m^[22m[39m[31m[1m^[22m[39m[31m[1m
^[22m[39m[31m[1m^[22m[39m[31m[1m^[22m[3
9m[31m[1m^[22m[39m[31m[1m^[22m[39m[31m[
1m^[22m[39m[31m[1m^[22m[39m[31m[1m^[22m
[39m[31m[1m^[22m[39m[31m[1m^[22m[39m[31m
[1m^[22m[39m[31m[1m^[22m[39m[31m[1m^[22
m[39m[31m[1m^[22m[39m[31m[1m^[22m[39m[3
1m[1m^[22m[39m[31m[1m^[22m[39m[31m[1m^[
22m[39m[31m[1m^[22m[39m
 [90m 12 |[39m [36mimport[39m [33mLink[39m 
[36mfrom[39m [32m'next/link'[39m
 [90m 13 |[39m [36mimport[39m {
 [90m 14 |[39m     
[33mAlertDialog[39m[33m,[39m[0m

Import map: aliased to relative 
'./src/components/ui/use-toast' inside of 
[project]/


Import traces:
  Client Component Browser:
    ./src/app/(dashboard)/students/[id]/edit/page
.tsx [Client Component Browser]
    ./src/app/(dashboard)/students/[id]/edit/page
.tsx [Server Component]

  Client Component SSR:
    ./src/app/(dashboard)/students/[id]/edit/page
.tsx [Client Component SSR]
    ./src/app/(dashboard)/students/[id]/edit/page
.tsx [Server Component]

https://nextjs.org/docs/messages/module-not-found


    at <unknown> (./src/app/(dashboard)/students/
[id]/page.tsx:193:31)
    at <unknown> 
(./src/app/(dashboard)/students/page.tsx:108:39)
    at <unknown> (./src/app/(dashboard)/batches/[
id]/edit/page.tsx:13:1)
    at <unknown> (https://nextjs.org/docs/message
s/module-not-found)
    at <unknown> (./src/app/(dashboard)/students/
[id]/edit/page.tsx:13:1)
    at <unknown> (https://nextjs.org/docs/message
s/module-not-found)
    at <unknown> (./src/app/(dashboard)/attendanc
e/mark/[batchId]/page.tsx:10:1)
    at <unknown> (https://nextjs.org/docs/message
s/module-not-found)
    at <unknown> (./src/app/(dashboard)/batches/[
id]/edit/page.tsx:11:1)
    at <unknown> (https://nextjs.org/docs/message
s/module-not-found)
    at <unknown> (./src/app/(dashboard)/batches/[
id]/students/add/page.tsx:11:1)
    at <unknown> (https://nextjs.org/docs/message
s/module-not-found)
    at <unknown> 
(./src/app/(dashboard)/fees/new/page.tsx:11:1)
    at <unknown> (https://nextjs.org/docs/message
s/module-not-found)
    at <unknown> (./src/app/(dashboard)/students/
[id]/edit/page.tsx:11:1)
    at <unknown> (https://nextjs.org/docs/message
s/module-not-found)
